[3msnapshots                                                                            [0m
 ─────────────────────────────────────────────────────────────────────────────────── 
 [1m [0m[1mpath                            [0m[1m [0m [1m [0m[1mctime              [0m[1m [0m [1m [0m[1mctransid[0m[1m [0m [1m [0m[1mpreserve     [0m[1m [0m 
 ─────────────────────────────────────────────────────────────────────────────────── 
  [31m💀/path/to/snapshot_dir1/snap1_1[0m   [34m2006[0m[34m-[0m[34m01[0m[34m-[0m[34m14[0mT[35m00[0m[35m:[0m[35m00[0m[35m:[0m[35m00[0m  [36m [0m[36m120     [0m[36m [0m  [1;91m<not keeping>[0m  
 [2m [0m[2m/path/to/snapshot_dir1/snap1_2  [0m[2m [0m [2m [0m[2;34m2006[0m[2;34m-[0m[2;34m01[0m[2;34m-[0m[2;34m14[0m[2mT[0m[2;35m23[0m[2;35m:[0m[2;35m00[0m[2;35m:[0m[2;35m00[0m[2m [0m [2;36m [0m[2;36m121     [0m[2;36m [0m [2m [0m[2;34m2006[0m[2m yearly  [0m[2m [0m 
  /path/to/snapshot_dir2/snap2_1     [34m2006[0m[34m-[0m[34m02[0m[34m-[0m[34m14[0mT[35m00[0m[35m:[0m[35m00[0m[35m:[0m[35m00[0m  [36m [0m[36m231     [0m[36m [0m  [34m2006[0m yearly    
 [2m [0m[2m/path/to/snapshot_dir2/snap2_2  [0m[2m [0m [2m [0m[2;34m2006[0m[2;34m-[0m[2;34m02[0m[2;34m-[0m[2;34m14[0m[2mT[0m[2;35m23[0m[2;35m:[0m[2;35m00[0m[2;35m:[0m[2;35m00[0m[2m [0m [2;36m [0m[2;36m232     [0m[2;36m [0m [2m [0m[2;34m2006[0m[2m yearly  [0m[2m [0m 
  /path/to/snapshot_dir2/snap3_1     [34m2006[0m[34m-[0m[34m03[0m[34m-[0m[34m14[0mT[35m00[0m[35m:[0m[35m00[0m[35m:[0m[35m00[0m  [36m [0m[36m342     [0m[36m [0m  [34m2006[0m yearly    
 [2m [0m[2m/path/to/snapshot_dir2/snap3_2  [0m[2m [0m [2m [0m[2;34m2006[0m[2;34m-[0m[2;34m03[0m[2;34m-[0m[2;34m14[0m[2mT[0m[2;35m23[0m[2;35m:[0m[2;35m00[0m[2;35m:[0m[2;35m00[0m[2m [0m [2;36m [0m[2;36m343     [0m[2;36m [0m [2m [0m[2;34m2006[0m[2m yearly  [0m[2m [0m 
 ─────────────────────────────────────────────────────────────────────────────────── 

backups
├── ☁️remote1
│   ├── 💀[31msource1.ctim2006-01-14T00:00:00+00:00.ctid120.uuid11111111-1111-1111-1111-111…[0m
│   │   [1;91m<not keeping>[0m [34m2006[0m[34m-[0m[34m01[0m[34m-[0m[34m14[0mT[35m00[0m[35m:[0m[35m00[0m[35m:[0m[35m00[0m [36m120[0m [33m1.1 GB[0m [33mDEEP_ARCHIVE[0m [33m0.01/P1M[0m
│   │   └── [32msource1.ctim2006-01-14T23:00:00+00:00.ctid121.uuid12121212-1212-1212-1212-1…[0m
│   │       [34m2006[0m yearly [34m2006[0m[34m-[0m[34m01[0m[34m-[0m[34m14[0mT[35m23[0m[35m:[0m[35m00[0m[35m:[0m[35m00[0m [36m121[0m [33m2.1 GB[0m [33mSTANDARD[0m [33m0.05/P1M[0m
│   └── [32msource2.ctim2006-02-14T00:00:00+00:00.ctid231.uuid21212121-2121-2121-2121-21212…[0m
│       [34m2006[0m yearly [34m2006[0m[34m-[0m[34m02[0m[34m-[0m[34m14[0mT[35m00[0m[35m:[0m[35m00[0m[35m:[0m[35m00[0m [36m231[0m [33m3.2 GB[0m [33mDEEP_ARCHIVE[0m [33m0.02/P1M[0m
│       └── [32msource2.ctim2006-02-14T23:00:00+00:00.ctid232.uuid22222222-2222-2222-2222-2…[0m
│           [34m2006[0m yearly [34m2006[0m[34m-[0m[34m02[0m[34m-[0m[34m14[0mT[35m23[0m[35m:[0m[35m00[0m[35m:[0m[35m00[0m [36m232[0m [33m4.3 GB[0m
└── ☁️remote2
    └── [32msource3.ctim2006-03-14T00:00:00+00:00.ctid342.uuid31313131-3131-3131-3131-31313…[0m
        [34m2006[0m yearly [34m2006[0m[34m-[0m[34m03[0m[34m-[0m[34m14[0mT[35m00[0m[35m:[0m[35m00[0m[35m:[0m[35m00[0m [36m342[0m [33mDEEP_ARCHIVE[0m
        └── [32msource3.ctim2006-03-14T23:00:00+00:00.ctid343.uuid32323232-3232-3232-3232-3…[0m
            [34m2006[0m yearly [34m2006[0m[34m-[0m[34m03[0m[34m-[0m[34m14[0mT[35m23[0m[35m:[0m[35m00[0m[35m:[0m[35m00[0m [36m343[0m

actions to take:
[32m [0m[32m📝️ rename:[0m[32m [0m[32m [0m[32m/path/to/snapshot_dir1/snap1_2[0m[32m [0m[32m [0m[32m->[0m[32m [0m[32m [0m[32msource1.2006-01-14T23:00:00+00:00.121[0m[32m [0m
[2;32m [0m[2;32m📝️ rename:[0m[2;32m [0m[2;32m [0m[2;32m/path/to/snapshot_dir2/snap2_1[0m[2;32m [0m[2;32m [0m[2;32m->[0m[2;32m [0m[2;32m [0m[2;32msource2.2006-02-14T00:00:00+00:00.231[0m[2;32m [0m
[32m [0m[32m📝️ rename:[0m[32m [0m[32m [0m[32m/path/to/snapshot_dir2/snap2_2[0m[32m [0m[32m [0m[32m->[0m[32m [0m[32m [0m[32msource2.2006-02-14T23:00:00+00:00.232[0m[32m [0m
[2;32m [0m[2;32m📝️ rename:[0m[2;32m [0m[2;32m [0m[2;32m/path/to/snapshot_dir2/snap3_1[0m[2;32m [0m[2;32m [0m[2;32m->[0m[2;32m [0m[2;32m [0m[2;32msource3.2006-03-14T00:00:00+00:00.342[0m[2;32m [0m
[32m [0m[32m📝️ rename:[0m[32m [0m[32m [0m[32m/path/to/snapshot_dir2/snap3_2[0m[32m [0m[32m [0m[32m->[0m[32m [0m[32m [0m[32msource3.2006-03-14T23:00:00+00:00.343[0m[32m [0m
[31m [0m[31m💀 destroy:[0m[31m [0m[31m [0m[31m/path/to/snapshot_dir1/snap1_1[0m[31m [0m
[31m [0m[31m💀 delete:[0m[31m [0m[31m [0m[31m☁️remote1[0m[31m [0m[31m [0m[31msource1.ctim2006-01-14T00:00:00+00:00.ctid120.uuid11111111-1111…[0m[31m [0m

